https://govt.westlaw.com/calregs/Document/I943C96035A1E11EC8227000D3A7C4BC3?viewType=FullText&originationContext=documenttoc&transitionType=CategoryPageItem&contextData=(sc.Default) | Status: parse_failure | Title: None
https://govt.westlaw.com/calregs/Document/I95E84EC0A50311F0AD21D5F93A403EB1?viewType=FullText&originationContext=documenttoc&transitionType=CategoryPageItem&contextData=(sc.Default) | Status: parse_failure | Title: None
https://govt.westlaw.com/calregs/Document/I945D16535A1E11EC8227000D3A7C4BC3?viewType=FullText&originationContext=documenttoc&transitionType=CategoryPageItem&contextData=(sc.Default) | Status: parse_failure | Title: None
https://govt.westlaw.com/calregs/Document/I9432AAF35A1E11EC8227000D3A7C4BC3?viewType=FullText&originationContext=documenttoc&transitionType=CategoryPageItem&contextData=(sc.Default) | Status: parse_failure | Title: None
https://govt.westlaw.com/calregs/Document/I941C3CC35A1E11EC8227000D3A7C4BC3?viewType=FullText&originationContext=documenttoc&transitionType=CategoryPageItem&contextData=(sc.Default) | Status: parse_failure | Title: None
https://govt.westlaw.com/calregs/Document/I976078104FFF11EDA19AD993669B28BD?viewType=FullText&originationContext=documenttoc&transitionType=CategoryPageItem&contextData=(sc.Default) | Status: parse_failure | Title: None
https://govt.westlaw.com/calregs/Document/I0AAA6EDA5C3011EC9C68000D3A7C4BC3?viewType=FullText&originationContext=documenttoc&transitionType=CategoryPageItem&contextData=(sc.Default) | Status: parse_failure | Title: None
https://govt.westlaw.com/calregs/Document/I0AE1F99F5C3011EC9C68000D3A7C4BC3?viewType=FullText&originationContext=documenttoc&transitionType=CategoryPageItem&contextData=(sc.Default) | Status: parse_failure | Title: None
https://govt.westlaw.com/calregs/Document/I0ADD3EA85C3011EC9C68000D3A7C4BC3?viewType=FullText&originationContext=documenttoc&transitionType=CategoryPageItem&contextData=(sc.Default) | Status: parse_failure | Title: None
https://govt.westlaw.com/calregs/Document/I0AB40BC75C3011EC9C68000D3A7C4BC3?viewType=FullText&originationContext=documenttoc&transitionType=CategoryPageItem&contextData=(sc.Default) | Status: parse_failure | Title: None
https://govt.westlaw.com/calregs/Document/I0A9B2C995C3011EC9C68000D3A7C4BC3?viewType=FullText&originationContext=documenttoc&transitionType=CategoryPageItem&contextData=(sc.Default) | Status: parse_failure | Title: None
https://govt.westlaw.com/calregs/Document/I0A9560335C3011EC9C68000D3A7C4BC3?viewType=FullText&originationContext=documenttoc&transitionType=CategoryPageItem&contextData=(sc.Default) | Status: parse_failure | Title: None
https://govt.westlaw.com/calregs/Document/IEE0B29935C2F11EC9C68000D3A7C4BC3?viewType=FullText&originationContext=documenttoc&transitionType=CategoryPageItem&contextData=(sc.Default) | Status: parse_failure | Title: None
https://govt.westlaw.com/calregs/Document/IED95846A5C2F11EC9C68000D3A7C4BC3?viewType=FullText&originationContext=documenttoc&transitionType=CategoryPageItem&contextData=(sc.Default) | Status: parse_failure | Title: None
https://govt.westlaw.com/calregs/Document/IEE0FE4835C2F11EC9C68000D3A7C4BC3?viewType=FullText&originationContext=documenttoc&transitionType=CategoryPageItem&contextData=(sc.Default) | Status: parse_failure | Title: None
https://govt.westlaw.com/calregs/Document/IEDB408E65C2F11EC9C68000D3A7C4BC3?viewType=FullText&originationContext=documenttoc&transitionType=CategoryPageItem&contextData=(sc.Default) | Status: parse_failure | Title: None
https://govt.westlaw.com/calregs/Document/IEDDFACC35C2F11EC9C68000D3A7C4BC3?viewType=FullText&originationContext=documenttoc&transitionType=CategoryPageItem&contextData=(sc.Default) | Status: parse_failure | Title: None
https://govt.westlaw.com/calregs/Document/IED8928565C2F11EC9C68000D3A7C4BC3?viewType=FullText&originationContext=documenttoc&transitionType=CategoryPageItem&contextData=(sc.Default) | Status: parse_failure | Title: None
https://govt.westlaw.com/calregs/Document/IEE3F31E35C2F11EC9C68000D3A7C4BC3?viewType=FullText&originationContext=documenttoc&transitionType=CategoryPageItem&contextData=(sc.Default) | Status: parse_failure | Title: None
https://govt.westlaw.com/calregs/Document/IEE1870035C2F11EC9C68000D3A7C4BC3?viewType=FullText&originationContext=documenttoc&transitionType=CategoryPageItem&contextData=(sc.Default) | Status: parse_failure | Title: None
https://govt.westlaw.com/calregs/Document/IED9A3F535C2F11EC9C68000D3A7C4BC3?viewType=FullText&originationContext=documenttoc&transitionType=CategoryPageItem&contextData=(sc.Default) | Status: parse_failure | Title: None
https://govt.westlaw.com/calregs/Document/IEDAF4DFC5C2F11EC9C68000D3A7C4BC3?viewType=FullText&originationContext=documenttoc&transitionType=CategoryPageItem&contextData=(sc.Default) | Status: parse_failure | Title: None
https://govt.westlaw.com/calregs/Document/I0AD046565C3011EC9C68000D3A7C4BC3?viewType=FullText&originationContext=documenttoc&transitionType=CategoryPageItem&contextData=(sc.Default) | Status: parse_failure | Title: None
